   Compiling libc v0.2.182
   Compiling memchr v2.8.0
   Compiling thiserror v2.0.18
   Compiling bitflags v2.13.1
   Compiling serde_core v1.0.228
   Compiling foldhash v0.2.0
   Compiling syn v2.0.117
   Compiling equivalent v1.0.2
   Compiling allocator-api2 v0.2.21
   Compiling log v0.4.29
   Compiling smallvec v1.15.1
   Compiling anyhow v1.0.102
   Compiling anstyle v1.0.13
   Compiling object v0.37.3
   Compiling rustversion v1.0.22
   Compiling hashbrown v0.16.1
   Compiling aho-corasick v1.1.4
   Compiling either v1.15.0
   Compiling strsim v0.11.1
   Compiling ident_case v1.0.1
   Compiling itertools v0.14.0
   Compiling zlib-rs v0.6.3
   Compiling subtle v2.6.1
   Compiling digest v0.10.7
   Compiling errno v0.3.14
   Compiling getrandom v0.3.4
   Compiling cpufeatures v0.2.17
   Compiling castaway v0.2.4
   Compiling regex-automata v0.4.14
   Compiling hashbrown v0.17.1
   Compiling signal-hook v0.3.18
   Compiling serde_json v1.0.149
   Compiling once_cell v1.21.3
   Compiling instability v0.3.12
   Compiling static_assertions v1.1.0
   Compiling unicode-segmentation v1.13.3
   Compiling ryu v1.0.23
   Compiling parking_lot_core v0.9.12
   Compiling bytes v1.11.1
   Compiling compact_str v0.9.1
   Compiling unicode-truncate v2.0.1
   Compiling ahash v0.8.12
   Compiling lru v0.18.1
   Compiling signal-hook-registry v1.4.8
   Compiling annotate-snippets v0.12.13
   Compiling darling_core v0.23.0
   Compiling zmij v1.0.21
   Compiling powerfmt v0.2.0
   Compiling critical-section v1.2.0
   Compiling scopeguard v1.2.0
   Compiling rustix v1.1.4
   Compiling indoc v2.0.7
   Compiling utf8parse v0.2.2
   Compiling anstyle-parse v0.2.7
   Compiling flate2 v1.1.9
   Compiling lock_api v0.4.14
   Compiling deranged v0.5.8
   Compiling regex v1.12.3
   Compiling thiserror-impl v2.0.18
   Compiling serde_derive v1.0.228
   Compiling strum_macros v0.28.0
   Compiling derive_more-impl v2.1.1
   Compiling prost-derive v0.14.3
   Compiling bytemuck_derive v1.10.2
   Compiling backtrace v0.3.76
   Compiling darling_macro v0.23.0
   Compiling snafu-derive v0.8.9
   Compiling kasuari v0.4.12
   Compiling darling v0.23.0
   Compiling bytemuck v1.25.0
   Compiling derive_more v2.1.1
   Compiling saphyr-parser-bw v0.0.608
   Compiling prost v0.14.3
   Compiling strum v0.28.0
   Compiling png v0.18.1
   Compiling bitfield-struct v0.12.1
   Compiling ratatui-core v0.1.2
   Compiling prost-types v0.14.3
   Compiling snafu v0.8.9
   Compiling sha1 v0.10.6
   Compiling image v0.25.9
   Compiling num_threads v0.1.7
   Compiling serde v1.0.228
   Compiling mio v1.1.1
   Compiling itoa v1.0.17
   Compiling time-core v0.1.8
   Compiling colorchoice v1.0.4
   Compiling num-conv v0.2.0
   Compiling litrs v1.0.0
   Compiling serde-saphyr v0.0.21
   Compiling is_terminal_polyfill v1.70.2
   Compiling anstyle-query v1.1.5
   Compiling time v0.3.47
   Compiling anstream v0.6.21
   Compiling signal-hook-mio v0.2.5
   Compiling pbjson-build v0.8.0
   Compiling parking_lot v0.12.5
   Compiling document-features v0.2.12
   Compiling sha2 v0.10.9
   Compiling line-clipping v0.3.7
   Compiling ratatui-widgets v0.3.2
   Compiling bstr v1.12.1
   Compiling crossterm v0.29.0
   Compiling cpp_demangle v0.5.1
   Compiling objdiff-core v3.6.1 (https://github.com/encounter/objdiff#7ad1f95b)
   Compiling object v0.38.1 (https://github.com/AetiasHax/object.git?branch=dev#1be52440)
   Compiling clap_lex v1.0.0
   Compiling globset v0.4.18
   Compiling clap_builder v4.5.60
   Compiling ds-rom v0.8.0
   Compiling pbjson v0.8.0
   Compiling env_filter v1.0.0
   Compiling ratatui-crossterm v0.1.2
   Compiling clap_derive v4.5.55
   Compiling memmap2 v0.9.10
   Compiling filetime v0.2.27
   Compiling indexmap v2.13.0
   Compiling typed-path v0.12.3
   Compiling ratatui-macros v0.7.2
   Compiling jiff v0.2.23
   Compiling byteorder v1.5.0
   Compiling semver v1.0.27
   Compiling fxhash v0.2.1
   Compiling clap v4.5.60
   Compiling ratatui v0.30.2
   Compiling tinytemplate v1.2.1
   Compiling pathdiff v0.2.3
   Compiling path-slash v0.2.1
   Compiling similar v3.1.1
   Compiling path-clean v1.0.1
   Compiling ds-decomp v0.12.0 (/private/tmp/jus-arm7-reachable-review-dsd/lib)
   Compiling env_logger v0.11.9
   Compiling ds-decomp-cli v0.12.0 (/private/tmp/jus-arm7-reachable-review-dsd/cli)
    Finished `release` profile [optimized] target(s) in 1m 28s
