    Checking cfg-if v1.0.4
    Checking simd-adler32 v0.3.8
    Checking memchr v2.8.0
    Checking adler2 v2.0.1
    Checking libc v0.2.182
    Checking typenum v1.19.0
    Checking num-traits v0.2.19
    Checking gimli v0.32.3
    Checking regex-syntax v0.8.10
    Checking thiserror v2.0.18
    Checking crc32fast v1.5.0
    Checking fdeflate v0.3.7
    Checking miniz_oxide v0.8.9
    Checking encoding_rs v0.8.35
    Checking zerocopy v0.8.40
    Checking serde_core v1.0.228
    Checking aho-corasick v1.1.4
    Checking flate2 v1.1.9
    Checking cpufeatures v0.2.17
    Checking getrandom v0.3.4
    Checking object v0.37.3
    Checking generic-array v0.14.7
    Checking once_cell v1.21.3
    Checking arraydeque v0.5.1
    Checking anstyle v1.0.13
    Checking unicode-width v0.2.2
    Checking rustc-demangle v0.1.27
    Checking pxfm v0.1.28
    Checking block-buffer v0.10.4
    Checking crypto-common v0.1.7
    Checking bitflags v2.13.1
    Checking digest v0.10.7
    Checking smallvec v1.15.1
    Checking png v0.18.1
    Checking encoding_rs_io v0.1.7
    Checking annotate-snippets v0.12.13
    Checking saphyr-parser-bw v0.0.608
    Checking bytemuck v1.25.0
    Checking zmij v1.0.21
    Checking nohash-hasher v0.2.0
    Checking base64 v0.22.1
    Checking byteorder-lite v0.1.0
    Checking crc-catalog v2.4.0
    Checking regex-automata v0.4.14
    Checking crc v3.4.0
    Checking derive_more v2.1.1
    Checking sha1 v0.10.6
    Checking bitreader v0.3.11
    Checking rust-bitwriter v0.0.1
    Checking log v0.4.29
    Checking sha2 v0.10.9
    Checking strum v0.28.0
    Checking unarm v1.9.2 (/private/tmp/jus-arm7-reachable-review-dsd/local-deps/unarm/disasm)
    Checking addr2line v0.25.1
    Checking serde v1.0.228
    Checking moxcms v0.7.11
    Checking regex v1.12.3
    Checking ahash v0.8.12
    Checking backtrace v0.3.76
    Checking serde-saphyr v0.0.21
    Checking snafu v0.8.9
    Checking image v0.25.9
    Checking ds-rom v0.8.0
    Checking ds-decomp v0.12.0 (/private/tmp/jus-arm7-reachable-review-dsd/lib)
error: using `chunks_exact` with a constant chunk size
   --> lib/src/analysis/ctor.rs:155:14
    |
155 |             .chunks_exact(4)
    |              ^^^^^^^^^^^^^^^ help: consider using `as_chunks` instead: `as_chunks::<4>().0.iter()`
    |
    = help: for further information visit https://rust-lang.github.io/rust-clippy/rust-1.98.0/index.html#chunks_exact_to_as_chunks
    = note: `-D clippy::chunks-exact-to-as-chunks` implied by `-D warnings`
    = help: to override `-D warnings` add `#[allow(clippy::chunks_exact_to_as_chunks)]`

error: using `chunks_exact` with a constant chunk size
   --> lib/src/analysis/functions.rs:558:37
    |
558 |         for ins_code in module_code.chunks_exact(2) {
    |                                     ^^^^^^^^^^^^^^^ help: consider using `as_chunks` instead: `as_chunks::<2>().0`
    |
    = help: for further information visit https://rust-lang.github.io/rust-clippy/rust-1.98.0/index.html#chunks_exact_to_as_chunks

error: could not compile `ds-decomp` (lib) due to 2 previous errors
