[INFO ] Loading ROM from build/branch-repair-root-compat/extract/config.yaml
[INFO ] Function at 0x0205046c was adjusted to include pre-code constant pool at 0x02050458
[WARN ] Local function call from 0x02002bac in ARM9 main to 0x0200d0d0 goes to middle of function 'func_0200d0c4' at 0x0200d0c4, adding an external label symbol
[WARN ] Local function call from 0x0200418e in ARM9 main to 0x02004996 goes to middle of function 'func_02004168' at 0x02004168, adding an external label symbol
[WARN ] Local function call from 0x02004992 in ARM9 main to 0x02004192 goes to middle of function 'func_02004168' at 0x02004168, adding an external label symbol
[WARN ] Local function call from 0x02005610 in ARM9 main to 0x02004e06 goes to middle of function 'func_02004d84' at 0x02004d84, adding an external label symbol
[WARN ] Local function call from 0x020065bc in ARM9 main to 0x0200d0d0 goes to middle of function 'func_0200d0c4' at 0x0200d0c4, adding an external label symbol
[WARN ] Local function call from 0x02009e0e in ARM9 main to 0x0200d0d0 goes to middle of function 'func_0200d0c4' at 0x0200d0c4, adding an external label symbol
[WARN ] Local function call from 0x0200d0f4 in ARM9 main to 0x0200d340 goes to middle of function 'func_0200d338' at 0x0200d338, adding an external label symbol
[WARN ] Local function call from 0x02066762 in ARM9 main to 0x0200cf14 goes to middle of function 'func_0200cf04' at 0x0200cf04, adding an external label symbol
[WARN ] Local function call from 0x020667c0 in ARM9 main to 0x0200cf14 goes to middle of function 'func_0200cf04' at 0x0200cf04, adding an external label symbol
[WARN ] Local function call from 0x02066806 in ARM9 main to 0x0200cf14 goes to middle of function 'func_0200cf04' at 0x0200cf04, adding an external label symbol
[WARN ] Local function call from 0x0208a898 in ARM9 main to 0x0208b4ca goes to middle of function 'func_0208a834' at 0x0208a834, adding an external label symbol
[WARN ] Local function call from 0x0208a8b2 in ARM9 main to 0x0208b4ca goes to middle of function 'func_0208a834' at 0x0208a834, adding an external label symbol
[WARN ] Local function call from 0x0208aa28 in ARM9 main to 0x0208b4ca goes to middle of function 'func_0208a834' at 0x0208a834, adding an external label symbol
[WARN ] Local function call from 0x0208aa5e in ARM9 main to 0x0208b4ca goes to middle of function 'func_0208a834' at 0x0208a834, adding an external label symbol
[WARN ] Local function call from 0x0208aaf8 in ARM9 main to 0x0208b4ca goes to middle of function 'func_0208a834' at 0x0208a834, adding an external label symbol
[WARN ] Local function call from 0x0208ab5e in ARM9 main to 0x0208b4ca goes to middle of function 'func_0208a834' at 0x0208a834, adding an external label symbol
[WARN ] Local function call from 0x0208ab9c in ARM9 main to 0x0208b4ca goes to middle of function 'func_0208a834' at 0x0208a834, adding an external label symbol
[WARN ] Local function call from 0x0208abda in ARM9 main to 0x0208b4ca goes to middle of function 'func_0208a834' at 0x0208a834, adding an external label symbol
[WARN ] Local function call from 0x0208ac3c in ARM9 main to 0x0208b4ca goes to middle of function 'func_0208a834' at 0x0208a834, adding an external label symbol
[WARN ] Local function call from 0x0208aca4 in ARM9 main to 0x0208b4ca goes to middle of function 'func_0208a834' at 0x0208a834, adding an external label symbol
[WARN ] Local function call from 0x021558ba in overlay 1 to 0x02154e9a goes to middle of function 'func_ov001_02154d50' at 0x02154d50, adding an external label symbol
[WARN ] Local function call from 0x0217478e in overlay 10 to 0x021750ca goes to middle of function 'func_ov010_021746fc' at 0x021746fc, adding an external label symbol
[WARN ] Local function call from 0x021747aa in overlay 10 to 0x021750ca goes to middle of function 'func_ov010_021746fc' at 0x021746fc, adding an external label symbol
[WARN ] Local function call from 0x021747fc in overlay 10 to 0x021750ca goes to middle of function 'func_ov010_021746fc' at 0x021746fc, adding an external label symbol
[WARN ] Local function call from 0x02174818 in overlay 10 to 0x021750ca goes to middle of function 'func_ov010_021746fc' at 0x021746fc, adding an external label symbol
[WARN ] Local function call from 0x02174838 in overlay 10 to 0x021750ca goes to middle of function 'func_ov010_021746fc' at 0x021746fc, adding an external label symbol
[WARN ] Local function call from 0x021748b2 in overlay 10 to 0x021750ca goes to middle of function 'func_ov010_021746fc' at 0x021746fc, adding an external label symbol
[WARN ] Local function call from 0x021750c6 in overlay 10 to 0x02174752 goes to middle of function 'func_ov010_021746fc' at 0x021746fc, adding an external label symbol
[WARN ] Local function call from 0x0217b3a2 in overlay 10 to 0x0217be54 goes to middle of function 'func_ov010_0217b348' at 0x0217b348, adding an external label symbol
[WARN ] Local function call from 0x0217b3aa in overlay 10 to 0x0217be9e goes to middle of function 'func_ov010_0217b348' at 0x0217b348, adding an external label symbol
[WARN ] Local function call from 0x0217b400 in overlay 10 to 0x0217be9e goes to middle of function 'func_ov010_0217b348' at 0x0217b348, adding an external label symbol
[WARN ] Local function call from 0x0217b51e in overlay 10 to 0x0217be9e goes to middle of function 'func_ov010_0217b348' at 0x0217b348, adding an external label symbol
[WARN ] Local function call from 0x0217b53c in overlay 10 to 0x0217be9e goes to middle of function 'func_ov010_0217b348' at 0x0217b348, adding an external label symbol
[WARN ] Local function call from 0x0217b552 in overlay 10 to 0x0217be9e goes to middle of function 'func_ov010_0217b348' at 0x0217b348, adding an external label symbol
[WARN ] Local function call from 0x0217b562 in overlay 10 to 0x0217be9e goes to middle of function 'func_ov010_0217b348' at 0x0217b348, adding an external label symbol
[WARN ] Local function call from 0x0217b61c in overlay 10 to 0x0217be9e goes to middle of function 'func_ov010_0217b348' at 0x0217b348, adding an external label symbol
[WARN ] Local function call from 0x0217b67a in overlay 10 to 0x0217be9e goes to middle of function 'func_ov010_0217b348' at 0x0217b348, adding an external label symbol
[WARN ] Local function call from 0x0217b698 in overlay 10 to 0x0217be9e goes to middle of function 'func_ov010_0217b348' at 0x0217b348, adding an external label symbol
[WARN ] Local function call from 0x02187966 in overlay 10 to 0x02188c6e goes to middle of function 'func_ov010_0218792c' at 0x0218792c, adding an external label symbol
[WARN ] Local function call from 0x02187982 in overlay 10 to 0x02188c6e goes to middle of function 'func_ov010_0218792c' at 0x0218792c, adding an external label symbol
[WARN ] Local function call from 0x021879ae in overlay 10 to 0x02188c5a goes to middle of function 'func_ov010_0218792c' at 0x0218792c, adding an external label symbol
[WARN ] Local function call from 0x02187e8e in overlay 10 to 0x02188c5a goes to middle of function 'func_ov010_0218792c' at 0x0218792c, adding an external label symbol
[WARN ] Local function call from 0x02187e96 in overlay 10 to 0x02188c5a goes to middle of function 'func_ov010_0218792c' at 0x0218792c, adding an external label symbol
[WARN ] Local function call from 0x02187eb8 in overlay 10 to 0x02188c6e goes to middle of function 'func_ov010_0218792c' at 0x0218792c, adding an external label symbol
[WARN ] Local function call from 0x02187ee6 in overlay 10 to 0x02188c5a goes to middle of function 'func_ov010_0218792c' at 0x0218792c, adding an external label symbol
[WARN ] Local function call from 0x02187f44 in overlay 10 to 0x02188c6e goes to middle of function 'func_ov010_0218792c' at 0x0218792c, adding an external label symbol
[WARN ] Local function call from 0x02187f68 in overlay 10 to 0x02188c6e goes to middle of function 'func_ov010_0218792c' at 0x0218792c, adding an external label symbol
[WARN ] Local function call from 0x02188008 in overlay 10 to 0x02188c6e goes to middle of function 'func_ov010_0218792c' at 0x0218792c, adding an external label symbol
[WARN ] Local function call from 0x021881c6 in overlay 10 to 0x02188c6e goes to middle of function 'func_ov010_0218792c' at 0x0218792c, adding an external label symbol
[WARN ] Local function call from 0x021881d4 in overlay 10 to 0x02188c52 goes to middle of function 'func_ov010_0218792c' at 0x0218792c, adding an external label symbol
[WARN ] Local function call from 0x021881ea in overlay 10 to 0x02188c52 goes to middle of function 'func_ov010_0218792c' at 0x0218792c, adding an external label symbol
[WARN ] Local function call from 0x02188202 in overlay 10 to 0x02188c6e goes to middle of function 'func_ov010_0218792c' at 0x0218792c, adding an external label symbol
[WARN ] Local function call from 0x02188288 in overlay 10 to 0x02188c52 goes to middle of function 'func_ov010_0218792c' at 0x0218792c, adding an external label symbol
[WARN ] Local function call from 0x021882a8 in overlay 10 to 0x02188c52 goes to middle of function 'func_ov010_0218792c' at 0x0218792c, adding an external label symbol
[WARN ] Local function call from 0x021882f4 in overlay 10 to 0x02188c6e goes to middle of function 'func_ov010_0218792c' at 0x0218792c, adding an external label symbol
[WARN ] Local function call from 0x0218833c in overlay 10 to 0x02188c6e goes to middle of function 'func_ov010_0218792c' at 0x0218792c, adding an external label symbol
[WARN ] Local function call from 0x02188c68 in overlay 10 to 0x0218794c goes to middle of function 'func_ov010_0218792c' at 0x0218792c, adding an external label symbol
[WARN ] Local function call from 0x01ff9488 in ITCM to 0x01ff943c goes to middle of function 'func_01ff940c' at 0x01ff940c, adding an external label symbol
