   Compiling ds-decomp v0.12.0 (/dsd-source/lib)
warning: field `child_layout` is never read
  --> /dsd-source/lib/tests/common/mod.rs:14:9
   |
11 | pub struct Fixture {
   |            ------- field in this struct
...
14 |     pub child_layout: Arm7Layout,
   |         ^^^^^^^^^^^^
   |
   = note: `#[warn(dead_code)]` (part of `#[warn(unused)]`) on by default

warning: `ds-decomp` (lib test) generated 1 warning
    Finished `test` profile [unoptimized + debuginfo] target(s) in 2.12s
     Running unittests src/lib.rs (target/physical-baseline/cargo-target/debug/deps/ds_decomp-b124f285909ba1e8)

running 4 tests
test rom::arm7_physical_baseline::tests::actual_linked_elf_function_symbol_mutation_rejects ... ok
test rom::arm7_physical_baseline::tests::actual_linked_elf_attribute_mutation_rejects_with_original_inputs_unchanged ... ok
test rom::arm7_physical_baseline::tests::actual_linked_elf_header_section_segment_and_byte_mutations_reject_without_panics ... ok
test rom::arm7_physical_baseline::tests::actual_omitted_or_swapped_object_fails_normal_native_link_checks ... ok

test result: ok. 4 passed; 0 failed; 0 ignored; 0 measured; 5 filtered out; finished in 0.60s

     Running tests/arm7_physical_baseline.rs (target/physical-baseline/cargo-target/debug/deps/arm7_physical_baseline-af6a7e4b2a3cc3c0)

running 0 tests

test result: ok. 0 passed; 0 failed; 0 ignored; 0 measured; 3 filtered out; finished in 0.00s
