   Compiling libc v0.2.182
   Compiling object v0.37.3
   Compiling serde_core v1.0.228
   Compiling thiserror v2.0.18
   Compiling aho-corasick v1.1.4
   Compiling bitflags v2.13.1
   Compiling anstyle v1.0.13
   Compiling derive_more-impl v2.1.1
   Compiling log v0.4.29
   Compiling serde_json v1.0.149
   Compiling png v0.18.1
   Compiling annotate-snippets v0.12.13
   Compiling strum v0.28.0
   Compiling regex-automata v0.4.14
   Compiling saphyr-parser-bw v0.0.608
   Compiling derive_more v2.1.1
   Compiling image v0.25.9
   Compiling cpufeatures v0.2.17
   Compiling getrandom v0.3.4
   Compiling sha1 v0.10.6
   Compiling sha2 v0.10.9
   Compiling ahash v0.8.12
   Compiling serde v1.0.228
   Compiling regex v1.12.3
   Compiling backtrace v0.3.76
   Compiling serde-saphyr v0.0.21
   Compiling snafu v0.8.9
   Compiling ds-rom v0.8.0
   Compiling ds-decomp v0.12.0 (/private/tmp/jus-arm7-physical-root-check/lib)
    Finished `release` profile [optimized] target(s) in 13.82s
