    Checking cfg-if v1.0.4
    Checking memchr v2.8.0
    Checking simd-adler32 v0.3.8
    Checking adler2 v2.0.1
    Checking libc v0.2.182
    Checking typenum v1.19.0
    Checking crc32fast v1.5.0
    Checking serde_core v1.0.228
    Checking num-traits v0.2.19
    Checking gimli v0.32.3
    Checking regex-syntax v0.8.10
    Checking thiserror v2.0.18
    Checking miniz_oxide v0.8.9
    Checking fdeflate v0.3.7
    Checking zerocopy v0.8.40
    Checking zmij v1.0.21
    Checking aho-corasick v1.1.4
    Checking flate2 v1.1.9
    Checking getrandom v0.3.4
    Checking cpufeatures v0.2.17
    Checking generic-array v0.14.7
    Checking object v0.37.3
    Checking encoding_rs v0.8.35
    Checking bitflags v2.13.1
    Checking unicode-width v0.2.2
    Checking arraydeque v0.5.1
    Checking pxfm v0.1.28
    Checking smallvec v1.15.1
    Checking anstyle v1.0.13
    Checking once_cell v1.21.3
    Checking rustc-demangle v0.1.27
    Checking saphyr-parser-bw v0.0.608
    Checking crypto-common v0.1.7
    Checking block-buffer v0.10.4
    Checking annotate-snippets v0.12.13
    Checking digest v0.10.7
    Checking png v0.18.1
    Checking regex-automata v0.4.14
    Checking bytemuck v1.25.0
    Checking base64 v0.22.1
    Checking byteorder-lite v0.1.0
    Checking nohash-hasher v0.2.0
    Checking crc-catalog v2.4.0
    Checking encoding_rs_io v0.1.7
    Checking crc v3.4.0
    Checking derive_more v2.1.1
    Checking sha1 v0.10.6
    Checking bitreader v0.3.11
    Checking rust-bitwriter v0.0.1
    Checking log v0.4.29
    Checking sha2 v0.10.9
    Checking itoa v1.0.17
    Checking unarm v1.9.2 (/private/tmp/jus-arm7-physical-root-check/local-deps/unarm/disasm)
    Checking strum v0.28.0
    Checking serde v1.0.228
    Checking serde_json v1.0.149
    Checking addr2line v0.25.1
    Checking moxcms v0.7.11
    Checking regex v1.12.3
    Checking ahash v0.8.12
    Checking serde-saphyr v0.0.21
    Checking backtrace v0.3.76
    Checking snafu v0.8.9
    Checking image v0.25.9
    Checking ds-rom v0.8.0
    Checking ds-decomp v0.12.0 (/private/tmp/jus-arm7-physical-root-check/lib)
    Finished `dev` profile [unoptimized + debuginfo] target(s) in 16.19s
