   Compiling proc-macro2 v1.0.106
   Compiling quote v1.0.45
   Compiling unicode-ident v1.0.24
   Compiling libc v0.2.182
   Compiling cfg-if v1.0.4
   Compiling heck v0.5.0
   Compiling memchr v2.8.0
   Compiling version_check v0.9.5
   Compiling zmij v1.0.21
   Compiling thiserror v2.0.18
   Compiling serde v1.0.228
   Compiling bitflags v2.13.1
   Compiling unicode-width v0.2.2
   Compiling typenum v1.19.0
   Compiling serde_core v1.0.228
   Compiling generic-array v0.14.7
   Compiling simd-adler32 v0.3.8
   Compiling equivalent v1.0.2
   Compiling smallvec v1.15.1
   Compiling aho-corasick v1.1.4
   Compiling anyhow v1.0.102
   Compiling allocator-api2 v0.2.21
   Compiling foldhash v0.2.0
   Compiling log v0.4.29
   Compiling regex-syntax v0.8.10
   Compiling itoa v1.0.17
   Compiling anstyle v1.0.13
   Compiling autocfg v1.5.0
   Compiling unicode-segmentation v1.13.3
   Compiling crc32fast v1.5.0
   Compiling adler2 v2.0.1
   Compiling num-traits v0.2.19
   Compiling miniz_oxide v0.8.9
   Compiling convert_case v0.10.0
   Compiling syn v2.0.117
   Compiling rustversion v1.0.22
   Compiling object v0.37.3
   Compiling unicode-xid v0.2.6
   Compiling regex-automata v0.4.14
   Compiling hashbrown v0.16.1
   Compiling strsim v0.11.1
   Compiling ident_case v1.0.1
   Compiling getrandom v0.3.4
   Compiling either v1.15.0
   Compiling zerocopy v0.8.40
   Compiling itertools v0.14.0
   Compiling crypto-common v0.1.7
   Compiling block-buffer v0.10.4
   Compiling errno v0.3.14
   Compiling ahash v0.8.12
   Compiling subtle v2.6.1
   Compiling zlib-rs v0.6.3
   Compiling base64 v0.22.1
   Compiling gimli v0.32.3
   Compiling darling_core v0.23.0
   Compiling castaway v0.2.4
   Compiling regex v1.12.3
   Compiling digest v0.10.7
   Compiling cpufeatures v0.2.17
   Compiling hashbrown v0.17.1
   Compiling fdeflate v0.3.7
   Compiling encoding_rs v0.8.35
   Compiling parking_lot_core v0.9.12
   Compiling serde_json v1.0.149
   Compiling thiserror-impl v2.0.18
   Compiling serde_derive v1.0.228
   Compiling strum_macros v0.28.0
   Compiling derive_more-impl v2.1.1
   Compiling darling_macro v0.23.0
   Compiling flate2 v1.1.9
   Compiling addr2line v0.25.1
   Compiling bytemuck_derive v1.10.2
   Compiling prost-derive v0.14.3
   Compiling instability v0.3.12
   Compiling static_assertions v1.1.0
   Compiling bytes v1.11.1
   Compiling strum v0.28.0
   Compiling derive_more v2.1.1
   Compiling ryu v1.0.23
   Compiling signal-hook v0.3.18
   Compiling arraydeque v0.5.1
   Compiling once_cell v1.21.3
   Compiling pxfm v0.1.28
   Compiling rustc-demangle v0.1.27
   Compiling saphyr-parser-bw v0.0.608
   Compiling bytemuck v1.25.0
   Compiling compact_str v0.9.1
   Compiling backtrace v0.3.76
   Compiling unicode-truncate v2.0.1
   Compiling kasuari v0.4.12
   Compiling png v0.18.1
   Compiling darling v0.23.0
   Compiling prost v0.14.3
   Compiling encoding_rs_io v0.1.7
   Compiling snafu-derive v0.8.9
   Compiling lru v0.18.1
   Compiling signal-hook-registry v1.4.8
   Compiling annotate-snippets v0.12.13
   Compiling byteorder-lite v0.1.0
   Compiling critical-section v1.2.0
   Compiling crc-catalog v2.4.0
   Compiling nohash-hasher v0.2.0
   Compiling scopeguard v1.2.0
   Compiling indoc v2.0.7
   Compiling powerfmt v0.2.0
   Compiling rustix v1.1.4
   Compiling utf8parse v0.2.2
   Compiling anstyle-parse v0.2.7
   Compiling serde-saphyr v0.0.21
   Compiling deranged v0.5.8
   Compiling moxcms v0.7.11
   Compiling lock_api v0.4.14
   Compiling snafu v0.8.9
   Compiling crc v3.4.0
   Compiling ratatui-core v0.1.2
   Compiling prost-types v0.14.3
   Compiling bitfield-struct v0.12.1
   Compiling sha1 v0.10.6
   Compiling mio v1.1.1
   Compiling num_threads v0.1.7
   Compiling bitreader v0.3.11
   Compiling rust-bitwriter v0.0.1
   Compiling colorchoice v1.0.4
   Compiling anstyle-query v1.1.5
   Compiling time-core v0.1.8
   Compiling litrs v1.0.0
   Compiling num-conv v0.2.0
   Compiling is_terminal_polyfill v1.70.2
   Compiling pbjson-build v0.8.0
   Compiling time v0.3.47
   Compiling anstream v0.6.21
   Compiling document-features v0.2.12
   Compiling signal-hook-mio v0.2.5
   Compiling parking_lot v0.12.5
   Compiling sha2 v0.10.9
   Compiling line-clipping v0.3.7
   Compiling unarm v1.9.2 (/private/tmp/jus-arm7-reachable-root-dsd/local-deps/unarm/disasm)
   Compiling ratatui-widgets v0.3.2
   Compiling bstr v1.12.1
   Compiling clap_lex v1.0.0
   Compiling crossterm v0.29.0
   Compiling cpp_demangle v0.5.1
   Compiling objdiff-core v3.6.1 (https://github.com/encounter/objdiff#7ad1f95b)
   Compiling object v0.38.1 (https://github.com/AetiasHax/object.git?branch=dev#1be52440)
   Compiling clap_builder v4.5.60
   Compiling globset v0.4.18
   Compiling pbjson v0.8.0
   Compiling clap_derive v4.5.55
   Compiling ratatui-crossterm v0.1.2
   Compiling env_filter v1.0.0
   Compiling indexmap v2.13.0
   Compiling image v0.25.9
   Compiling ratatui-macros v0.7.2
   Compiling memmap2 v0.9.10
   Compiling filetime v0.2.27
   Compiling jiff v0.2.23
   Compiling typed-path v0.12.3
   Compiling byteorder v1.5.0
   Compiling semver v1.0.27
   Compiling fxhash v0.2.1
   Compiling clap v4.5.60
   Compiling ratatui v0.30.2
   Compiling tinytemplate v1.2.1
   Compiling ds-rom v0.8.0
   Compiling path-clean v1.0.1
   Compiling pathdiff v0.2.3
   Compiling similar v3.1.1
   Compiling path-slash v0.2.1
   Compiling env_logger v0.11.9
   Compiling ds-decomp v0.12.0 (/private/tmp/jus-arm7-reachable-root-dsd/lib)
   Compiling ds-decomp-cli v0.12.0 (/private/tmp/jus-arm7-reachable-root-dsd/cli)
    Finished `release` profile [optimized] target(s) in 2m 09s
