test_original_copy_is_supported (__main__.OriginalBoundaryTests.test_original_copy_is_supported) ... ok
test_selfconsistent_wrong_reference_is_rejected (__main__.OriginalBoundaryTests.test_selfconsistent_wrong_reference_is_rejected) ... 
  test_selfconsistent_wrong_reference_is_rejected (__main__.OriginalBoundaryTests.test_selfconsistent_wrong_reference_is_rejected) (mutation='extent84') ... FAIL
  test_selfconsistent_wrong_reference_is_rejected (__main__.OriginalBoundaryTests.test_selfconsistent_wrong_reference_is_rejected) (mutation='thumb_mode') ... FAIL
  test_selfconsistent_wrong_reference_is_rejected (__main__.OriginalBoundaryTests.test_selfconsistent_wrong_reference_is_rejected) (mutation='instruction') ... FAIL
  test_selfconsistent_wrong_reference_is_rejected (__main__.OriginalBoundaryTests.test_selfconsistent_wrong_reference_is_rejected) (mutation='pool_extent') ... FAIL
  test_selfconsistent_wrong_reference_is_rejected (__main__.OriginalBoundaryTests.test_selfconsistent_wrong_reference_is_rejected) (mutation='helper_symbol') ... FAIL
  test_selfconsistent_wrong_reference_is_rejected (__main__.OriginalBoundaryTests.test_selfconsistent_wrong_reference_is_rejected) (mutation='helper_addend') ... FAIL
  test_selfconsistent_wrong_reference_is_rejected (__main__.OriginalBoundaryTests.test_selfconsistent_wrong_reference_is_rejected) (mutation='pool_placeholder') ... FAIL
  test_selfconsistent_wrong_reference_is_rejected (__main__.OriginalBoundaryTests.test_selfconsistent_wrong_reference_is_rejected) (mutation='extra_allocated') ... FAIL

======================================================================
FAIL: test_selfconsistent_wrong_reference_is_rejected (__main__.OriginalBoundaryTests.test_selfconsistent_wrong_reference_is_rejected) (mutation='extent84')
----------------------------------------------------------------------
Traceback (most recent call last):
  File "/private/tmp/jus-header-initializer-trial/decomp/matching-notes/pilot-t06/physical-storage-init-trial/test_replay.py", line 67, in test_selfconsistent_wrong_reference_is_rejected
    with self.assertRaises(ValueError):
         ~~~~~~~~~~~~~~~~~^^^^^^^^^^^^
AssertionError: ValueError not raised

======================================================================
FAIL: test_selfconsistent_wrong_reference_is_rejected (__main__.OriginalBoundaryTests.test_selfconsistent_wrong_reference_is_rejected) (mutation='thumb_mode')
----------------------------------------------------------------------
Traceback (most recent call last):
  File "/private/tmp/jus-header-initializer-trial/decomp/matching-notes/pilot-t06/physical-storage-init-trial/test_replay.py", line 67, in test_selfconsistent_wrong_reference_is_rejected
    with self.assertRaises(ValueError):
         ~~~~~~~~~~~~~~~~~^^^^^^^^^^^^
AssertionError: ValueError not raised

======================================================================
FAIL: test_selfconsistent_wrong_reference_is_rejected (__main__.OriginalBoundaryTests.test_selfconsistent_wrong_reference_is_rejected) (mutation='instruction')
----------------------------------------------------------------------
Traceback (most recent call last):
  File "/private/tmp/jus-header-initializer-trial/decomp/matching-notes/pilot-t06/physical-storage-init-trial/test_replay.py", line 67, in test_selfconsistent_wrong_reference_is_rejected
    with self.assertRaises(ValueError):
         ~~~~~~~~~~~~~~~~~^^^^^^^^^^^^
AssertionError: ValueError not raised

======================================================================
FAIL: test_selfconsistent_wrong_reference_is_rejected (__main__.OriginalBoundaryTests.test_selfconsistent_wrong_reference_is_rejected) (mutation='pool_extent')
----------------------------------------------------------------------
Traceback (most recent call last):
  File "/private/tmp/jus-header-initializer-trial/decomp/matching-notes/pilot-t06/physical-storage-init-trial/test_replay.py", line 67, in test_selfconsistent_wrong_reference_is_rejected
    with self.assertRaises(ValueError):
         ~~~~~~~~~~~~~~~~~^^^^^^^^^^^^
AssertionError: ValueError not raised

======================================================================
FAIL: test_selfconsistent_wrong_reference_is_rejected (__main__.OriginalBoundaryTests.test_selfconsistent_wrong_reference_is_rejected) (mutation='helper_symbol')
----------------------------------------------------------------------
Traceback (most recent call last):
  File "/private/tmp/jus-header-initializer-trial/decomp/matching-notes/pilot-t06/physical-storage-init-trial/test_replay.py", line 67, in test_selfconsistent_wrong_reference_is_rejected
    with self.assertRaises(ValueError):
         ~~~~~~~~~~~~~~~~~^^^^^^^^^^^^
AssertionError: ValueError not raised

======================================================================
FAIL: test_selfconsistent_wrong_reference_is_rejected (__main__.OriginalBoundaryTests.test_selfconsistent_wrong_reference_is_rejected) (mutation='helper_addend')
----------------------------------------------------------------------
Traceback (most recent call last):
  File "/private/tmp/jus-header-initializer-trial/decomp/matching-notes/pilot-t06/physical-storage-init-trial/test_replay.py", line 67, in test_selfconsistent_wrong_reference_is_rejected
    with self.assertRaises(ValueError):
         ~~~~~~~~~~~~~~~~~^^^^^^^^^^^^
AssertionError: ValueError not raised

======================================================================
FAIL: test_selfconsistent_wrong_reference_is_rejected (__main__.OriginalBoundaryTests.test_selfconsistent_wrong_reference_is_rejected) (mutation='pool_placeholder')
----------------------------------------------------------------------
Traceback (most recent call last):
  File "/private/tmp/jus-header-initializer-trial/decomp/matching-notes/pilot-t06/physical-storage-init-trial/test_replay.py", line 67, in test_selfconsistent_wrong_reference_is_rejected
    with self.assertRaises(ValueError):
         ~~~~~~~~~~~~~~~~~^^^^^^^^^^^^
AssertionError: ValueError not raised

======================================================================
FAIL: test_selfconsistent_wrong_reference_is_rejected (__main__.OriginalBoundaryTests.test_selfconsistent_wrong_reference_is_rejected) (mutation='extra_allocated')
----------------------------------------------------------------------
Traceback (most recent call last):
  File "/private/tmp/jus-header-initializer-trial/decomp/matching-notes/pilot-t06/physical-storage-init-trial/test_replay.py", line 67, in test_selfconsistent_wrong_reference_is_rejected
    with self.assertRaises(ValueError):
         ~~~~~~~~~~~~~~~~~^^^^^^^^^^^^
AssertionError: ValueError not raised

----------------------------------------------------------------------
Ran 2 tests in 0.008s

FAILED (failures=8)
